
> cedis-pedidos@1.0.0 build
> tsc -b && vite build

src/pages/FormatoNominaHino.tsx(1,8): error TS6133: 'React' is declared but its value is never read.
src/pages/FormatoNominaHino.tsx(4,41): error TS6133: 'Mail' is declared but its value is never read.
src/pages/FormatoNominaHino.tsx(4,47): error TS6133: 'Phone' is declared but its value is never read.
src/pages/FormatoNominaHino.tsx(4,54): error TS6133: 'Globe' is declared but its value is never read.
src/pages/FormatoNominaHino.tsx(6,1): error TS6133: 'es' is declared but its value is never read.
src/pages/FormatoNominaHino.tsx(7,1): error TS6133: 'clsx' is declared but its value is never read.
src/pages/NominaHino.tsx(1,8): error TS6133: 'React' is declared but its value is never read.
src/pages/NominaHino.tsx(6,5): error TS6133: 'Search' is declared but its value is never read.
src/pages/NominaHino.tsx(7,17): error TS6133: 'Printer' is declared but its value is never read.
src/pages/NominaHino.tsx(7,35): error TS6133: 'Plus' is declared but its value is never read.
src/pages/NominaHino.tsx(8,5): error TS6133: 'X' is declared but its value is never read.
src/pages/NominaHino.tsx(8,8): error TS6133: 'Check' is declared but its value is never read.
src/pages/NominaHino.tsx(8,15): error TS6133: 'AlertCircle' is declared but its value is never read.
src/pages/NominaHino.tsx(12,24): error TS6133: 'isSameDay' is declared but its value is never read.
src/pages/NominaHino.tsx(12,35): error TS6133: 'getDay' is declared but its value is never read.
src/pages/NominaHino.tsx(16,1): error TS6192: All imports in import declaration are unused.
