src/components/admin/CalendarView.tsx(273,42): error TS2339: Property 'observaciones' does not exist on type 'PedidoRow'.
src/components/admin/CalendarView.tsx(276,139): error TS2339: Property 'observaciones' does not exist on type 'PedidoRow'.
